DATE_MONTH,HAS_MESSAGED,IS_ACTIVE_PAST_QUARTER,SLACK_JOINERS
2021-02-01,TRUE,FALSE,1
2021-04-01,FALSE,FALSE,2
2021-03-01,FALSE,FALSE,0
2021-04-01,TRUE,FALSE,0
2021-03-01,TRUE,FALSE,0
2021-02-01,FALSE,FALSE,0