DATE_MONTH,DATE_YEAR,HAS_MESSAGED,IS_ACTIVE_PAST_QUARTER,SLACK_JOINERS,POP_1MTH,RATIO_TO_1_MONTH_AGO,YTD_SUM,MAX_FOR_MONTH,AVG_3MTH,ROLLING_SUM_3_MONTH
2021-01-01,2021-01-01,TRUE,TRUE,1,1,,1,1,1.000,1
2021-02-01,2021-01-01,TRUE,TRUE,0,-1,0,1,0,0.500,1
2021-03-01,2021-01-01,TRUE,TRUE,0,0,,1,0,0.333,1
2021-04-01,2021-01-01,TRUE,TRUE,0,0,,1,0,0.000,0
2021-01-01,2021-01-01,TRUE,FALSE,0,0,,0,0,0.000,0
2021-02-01,2021-01-01,TRUE,FALSE,1,1,,1,1,0.500,1
2021-03-01,2021-01-01,TRUE,FALSE,0,-1,0,1,0,0.333,1
2021-04-01,2021-01-01,TRUE,FALSE,0,0,,1,0,0.333,1