DATE_MONTH,HAS_MESSAGED,IS_ACTIVE_PAST_QUARTER,SLACK_JOINERS
2021-01-01,TRUE,TRUE,1
2021-02-01,TRUE,FALSE,1
2021-02-01,TRUE,TRUE,0
2021-03-01,TRUE,FALSE,0
2021-01-01,TRUE,FALSE,0
2021-03-01,TRUE,TRUE,0