date_day,had_discount,base_average_metric
2022-01-01,FALSE,19.500000
2022-01-01,TRUE,8.000000
2022-01-02,FALSE,28.857143
2022-01-02,TRUE,27.000000
2022-01-03,FALSE,19.000000
2022-01-03,TRUE,0.000000
2022-01-05,FALSE,28.625000
2022-01-06,FALSE,27.666667
2022-01-07,FALSE,39.500000
2022-01-07,TRUE,39.666667
2022-01-08,FALSE,28.714286
2022-01-08,TRUE,12.666667
2022-01-09,TRUE,21.800000
2022-01-10,FALSE,27.400000
2022-01-10,TRUE,17.200000
2022-01-11,TRUE,26.250000
2022-01-14,FALSE,11.000000
2022-01-14,TRUE,15.125000
2022-01-17,FALSE,39.000000
2022-01-18,FALSE,27.750000
2022-01-19,TRUE,28.666667
2022-01-21,TRUE,7.500000
2022-01-22,TRUE,29.500000
2022-01-25,TRUE,23.000000
2022-01-26,FALSE,28.666667
2022-01-27,FALSE,33.400000
2022-01-31,FALSE,20.600000
2022-02-06,TRUE,31.500000
2022-02-07,FALSE,39.000000
2022-02-23,TRUE,0.000000
2022-02-24,TRUE,42.333333
2022-03-12,FALSE,21.000000
2022-04-04,FALSE,22.666667
2022-01-04,TRUE,17.500000
2022-01-13,TRUE,42.333333
2022-01-16,FALSE,19.200000
2022-02-13,TRUE,26.600000
2022-02-22,TRUE,40.666667
2022-02-26,FALSE,0.000000
2022-01-05,TRUE,39.000000
2022-01-15,FALSE,30.333333
2022-01-15,TRUE,28.000000
2022-01-19,FALSE,29.666667
2022-01-23,TRUE,18.000000
2022-01-24,TRUE,11.000000
2022-01-25,FALSE,3.000000
2022-02-11,TRUE,30.000000
2022-02-14,FALSE,0.000000
2022-02-28,TRUE,43.333333
2022-03-03,TRUE,29.500000
2022-03-08,TRUE,16.800000
2022-03-16,FALSE,35.000000
2022-03-21,FALSE,34.500000
2022-02-08,FALSE,24.142857
2022-02-17,TRUE,46.500000
2022-04-08,TRUE,36.857143
2022-04-15,FALSE,0.000000
2022-04-15,TRUE,23.250000
2022-04-20,FALSE,27.500000
2022-01-27,TRUE,28.000000
2022-03-19,TRUE,30.000000
2022-05-06,FALSE,32.000000
2022-04-03,TRUE,17.000000
2022-05-21,TRUE,29.333333
2022-01-06,TRUE,20.000000
2022-01-09,FALSE,17.000000
2022-01-22,FALSE,28.500000
2022-01-28,TRUE,19.000000
2022-01-30,TRUE,23.500000
2022-01-31,TRUE,31.500000
2022-02-04,TRUE,10.000000
2022-02-05,FALSE,11.333333
2022-02-11,FALSE,16.500000
2022-02-14,TRUE,16.250000
2022-02-19,FALSE,21.000000
2022-02-24,FALSE,27.000000
2022-03-02,TRUE,18.000000
2022-05-14,FALSE,27.500000
2022-02-16,TRUE,39.000000
2022-02-20,FALSE,23.200000
2022-02-21,TRUE,16.250000
2022-04-06,TRUE,21.000000
2022-04-13,TRUE,21.000000
2022-04-19,TRUE,14.500000
2022-04-20,TRUE,25.000000
2022-04-10,TRUE,0.000000
2022-01-17,TRUE,29.500000
2022-01-18,TRUE,24.333333
2022-01-20,FALSE,41.666667
2022-01-20,TRUE,20.500000
2022-01-26,TRUE,9.333333
2022-01-30,FALSE,31.000000
2022-02-01,FALSE,40.500000
2022-02-06,FALSE,20.666667
2022-02-07,TRUE,12.750000
2022-02-19,TRUE,27.000000
2022-02-25,TRUE,19.250000
2022-03-08,FALSE,28.250000
2022-03-11,TRUE,30.000000
2022-03-13,FALSE,30.500000
2022-03-19,FALSE,25.000000
2022-03-23,TRUE,26.000000
2022-04-04,TRUE,14.500000
2022-04-12,FALSE,30.333333
2022-04-12,TRUE,17.500000
2022-04-27,FALSE,32.333333
2022-05-02,FALSE,23.000000
2022-05-28,TRUE,11.333333
2022-01-12,TRUE,22.400000
2022-01-16,TRUE,0.000000
2022-02-08,TRUE,29.000000
2022-02-16,FALSE,15.000000
2022-02-26,TRUE,24.600000
2022-03-01,FALSE,16.000000
2022-03-01,TRUE,25.666667
2022-03-18,FALSE,41.333333
2022-03-18,TRUE,18.666667
2022-03-29,FALSE,24.500000
2022-03-29,TRUE,16.000000
2022-03-31,FALSE,34.000000
2022-03-31,TRUE,22.750000
2022-04-07,FALSE,25.600000
2022-04-22,TRUE,17.500000
2022-04-23,FALSE,21.250000
2022-04-25,FALSE,30.666667
2022-02-03,TRUE,38.285714
2022-02-18,FALSE,38.000000
2022-03-20,FALSE,26.000000
2022-04-01,FALSE,24.625000
2022-04-24,FALSE,4.000000
2022-05-17,FALSE,13.666667
2022-05-24,TRUE,22.250000
2022-01-29,FALSE,27.000000
2022-02-01,TRUE,30.000000
2022-02-05,TRUE,22.000000
2022-02-23,FALSE,7.000000
2022-02-28,FALSE,33.333333
2022-03-02,FALSE,23.000000
2022-03-03,FALSE,39.250000
2022-03-11,FALSE,11.000000
2022-03-16,TRUE,33.666667
2022-05-06,TRUE,46.000000
2022-05-18,TRUE,29.000000
2022-02-12,FALSE,23.200000
2022-02-15,TRUE,21.400000
2022-02-20,TRUE,39.800000
2022-03-17,FALSE,22.500000
2022-03-22,FALSE,26.500000
2022-03-30,TRUE,22.000000
2022-04-17,FALSE,29.000000
2022-04-21,TRUE,14.000000
2022-04-25,TRUE,22.400000
2022-04-29,TRUE,6.333333
2022-05-03,FALSE,22.000000
2022-05-04,FALSE,27.166667
2022-05-13,TRUE,29.000000
2022-05-16,FALSE,31.600000
2022-05-16,TRUE,0.000000
2022-05-20,TRUE,23.200000
2022-05-22,FALSE,28.000000
2022-02-10,FALSE,22.000000
2022-03-25,TRUE,23.666667
2022-04-05,FALSE,25.000000
2022-05-30,FALSE,16.666667
2022-04-10,FALSE,19.125000
2022-03-15,FALSE,31.500000
2022-05-26,TRUE,7.000000
2022-05-29,FALSE,4.000000
2022-05-07,FALSE,26.333333
2022-01-11,FALSE,15.000000
2022-01-23,FALSE,18.500000
2022-01-24,FALSE,32.000000
2022-01-28,FALSE,28.500000
2022-01-29,TRUE,11.000000
2022-02-25,FALSE,39.500000
2022-03-04,FALSE,25.250000
2022-03-12,TRUE,7.000000
2022-03-21,TRUE,26.250000
2022-05-02,TRUE,36.500000
2022-01-04,FALSE,29.500000
2022-01-13,FALSE,40.000000
2022-02-15,FALSE,23.800000
2022-02-17,FALSE,42.500000
2022-02-22,FALSE,21.428571
2022-02-27,TRUE,35.750000
2022-03-06,FALSE,19.000000
2022-03-30,FALSE,27.000000
2022-04-03,FALSE,23.666667
2022-04-13,FALSE,14.750000
2022-04-19,FALSE,6.000000
2022-04-28,TRUE,34.666667
2022-04-30,TRUE,28.500000
2022-05-01,TRUE,7.000000
2022-05-08,FALSE,21.500000
2022-05-08,TRUE,34.500000
2022-05-15,FALSE,25.000000
2022-03-07,FALSE,26.333333
2022-03-07,TRUE,14.000000
2022-03-24,TRUE,20.000000
2022-04-14,FALSE,32.000000
2022-04-14,TRUE,0.000000
2022-05-07,TRUE,34.600000
2022-03-27,TRUE,26.000000
2022-02-04,FALSE,17.250000
2022-03-13,TRUE,27.250000
2022-05-28,FALSE,19.600000
2022-01-12,FALSE,26.500000
2022-02-02,FALSE,35.250000
2022-02-02,TRUE,25.200000
2022-02-09,FALSE,25.333333
2022-02-13,FALSE,31.000000
2022-02-21,FALSE,1.000000
2022-02-27,FALSE,26.000000
2022-03-05,FALSE,29.333333
2022-03-06,TRUE,16.000000
2022-03-14,TRUE,15.000000
2022-03-15,TRUE,41.333333
2022-03-22,TRUE,30.000000
2022-03-26,FALSE,25.000000
2022-03-26,TRUE,19.000000
2022-03-28,FALSE,22.250000
2022-04-06,FALSE,26.000000
2022-04-08,FALSE,22.666667
2022-04-17,TRUE,26.666667
2022-04-18,TRUE,25.000000
2022-04-22,FALSE,34.500000
2022-04-23,TRUE,23.166667
2022-04-29,FALSE,40.250000
2022-04-30,FALSE,10.000000
2022-05-01,FALSE,11.000000
2022-05-04,TRUE,31.200000
2022-05-09,FALSE,21.400000
2022-05-09,TRUE,26.000000
2022-05-11,FALSE,27.500000
2022-05-12,FALSE,25.800000
2022-05-12,TRUE,24.500000
2022-05-23,FALSE,29.500000
2022-05-23,TRUE,24.000000
2022-05-26,FALSE,34.571429
2022-05-29,TRUE,46.000000
2022-02-03,FALSE,0.000000
2022-02-18,TRUE,22.666667
2022-03-09,TRUE,16.000000
2022-03-20,TRUE,28.000000
2022-03-24,FALSE,21.666667
2022-03-25,FALSE,31.750000
2022-04-01,TRUE,15.250000
2022-04-02,FALSE,36.714286
2022-04-02,TRUE,29.600000
2022-04-09,FALSE,22.750000
2022-04-11,FALSE,11.000000
2022-04-16,TRUE,24.666667
2022-04-24,TRUE,20.666667
2022-05-10,FALSE,17.333333
2022-05-10,TRUE,32.500000
2022-05-19,FALSE,26.666667
2022-05-25,TRUE,40.000000
2022-05-30,TRUE,19.000000
2022-03-10,FALSE,42.500000
2022-05-27,TRUE,22.250000
2022-03-04,TRUE,23.000000
2022-04-27,TRUE,41.333333
2022-02-09,TRUE,28.333333
2022-02-12,TRUE,24.250000
2022-03-05,TRUE,20.750000
2022-03-28,TRUE,34.333333
2022-04-18,FALSE,31.750000
2022-04-21,FALSE,16.666667
2022-05-03,TRUE,23.750000
2022-05-15,TRUE,24.166667
2022-03-09,FALSE,29.500000
2022-05-05,FALSE,0.000000
2022-05-17,TRUE,24.800000
2022-05-31,FALSE,18.333333
2022-03-10,TRUE,19.400000
2022-05-24,FALSE,7.500000
2022-03-14,FALSE,32.000000
2022-04-05,TRUE,29.000000
2022-05-27,FALSE,40.000000
2022-01-21,FALSE,28.333333
2022-04-07,TRUE,7.500000
2022-04-26,TRUE,34.000000
2022-03-23,FALSE,30.000000
2022-05-14,TRUE,14.666667
2022-05-18,FALSE,22.400000
2022-03-17,TRUE,0.000000
2022-04-28,FALSE,33.000000
2022-05-11,TRUE,19.000000
2022-02-10,TRUE,22.250000
2022-04-09,TRUE,24.666667
2022-04-16,FALSE,33.750000
2022-04-26,FALSE,32.666667
2022-05-05,TRUE,0.000000
2022-05-19,TRUE,26.833333
2022-05-21,FALSE,32.000000
2022-05-25,FALSE,17.500000
2022-05-13,FALSE,15.666667
2022-05-22,TRUE,11.000000
2022-05-31,TRUE,31.000000
2022-03-27,FALSE,0.000000
2022-04-11,TRUE,29.000000
2022-05-20,FALSE,19.600000